mydata@comp-SOMECRYPTEDTXT ~/basic-git-tutorial (master)
$ git config --global core.autocrlf true

$ cd..
bash: cd..: command not found
$ ..cd
bash: ..cd: command not found

mydata@comp-SOMECRYPTEDTXT ~/GithubPractice (main)
$ cd ..

mydata@comp-SOMECRYPTEDTXT ~ (master)
$ mkdrir basic-git-tutorial
bash: mkdrir: command not found

mydata@comp-SOMECRYPTEDTXT ~ (master)
$ mkdir basic-git-tutorial

mydata@comp-SOMECRYPTEDTXT ~ (master)
$ cd basic-git-tutorial

mydata@comp-SOMECRYPTEDTXT ~/basic-git-tutorial (master)
$ git init
Initialized empty Git repository in C:/Users/emilr/basic-git-tutorial/.git/

mydata@comp-SOMECRYPTEDTXT ~/basic-git-tutorial (master)
$ ls -la
total 24
drwxr-xr-x 1 emilr 197610 0 Jan  7 09:37 ./
drwxr-xr-x 1 emilr 197610 0 Jan  7 09:34 ../
drwxr-xr-x 1 emilr 197610 0 Jan  7 09:37 .git/

mydata@comp-SOMECRYPTEDTXT ~/basic-git-tutorial (master)
$ git remote add origin https://github.com/EmilRosenov/GithubPractice.git

mydata@comp-SOMECRYPTEDTXT ~/basic-git-tutorial (master)
$ git remote -v
origin  https://github.com/EmilRosenov/GithubPractice.git (fetch)
origin  https://github.com/EmilRosenov/GithubPractice.git (push)


mydata@comp-SOMECRYPTEDTXT ~/basic-git-tutorial (master)
$ touch index.html

mydata@comp-SOMECRYPTEDTXT ~/basic-git-tutorial (master)
$ code index.html


mydata@comp-SOMECRYPTEDTXT ~/basic-git-tutorial (master)
$ git status
On branch master
No commits yet
Untracked files:
  (use "git add <file>..." to include in what will be committed)
        index.html
nothing added to commit but untracked files present (use "git add" to track)


mydata@comp-SOMECRYPTEDTXT ~/basic-git-tutorial (master)
$ git add index.html
fatal: CRLF would be replaced by LF in index.html

mydata@comp-SOMECRYPTEDTXT ~/basic-git-tutorial (master)
$ git config --global core.autocrlf true

mydata@comp-SOMECRYPTEDTXT ~/basic-git-tutorial (master)
$ git add index.html

mydata@comp-SOMECRYPTEDTXT ~/basic-git-tutorial (master)
$ git status
On branch master

No commits yet

Changes to be committed:
  (use "git rm --cached <file>..." to unstage)
        new file:   index.html

mydata@comp-SOMECRYPTEDTXT ~/basic-git-tutorial (master)
$ git commit -m "Add my first file"
[master (root-commit) 84d6526] Add my first file
 1 file changed, 12 insertions(+)
 create mode 100644 index.html

mydata@comp-SOMECRYPTEDTXT ~/basic-git-tutorial (master)
$ git commit -m "Add my first file"
[master (root-commit) 84d6526] Add my first file
 1 file changed, 12 insertions(+)
 create mode 100644 index.html

mydata@comp-SOMECRYPTEDTXT ~/basic-git-tutorial (master)
$ git push origin master
Enumerating objects: 3, done.
Counting objects: 100% (3/3), done.
Delta compression using up to 4 threads
Compressing objects: 100% (2/2), done.
Writing objects: 100% (3/3), 407 bytes | 135.00 KiB/s, done.
Total 3 (delta 0), reused 0 (delta 0), pack-reused 0
To https://github.com/EmilRosenov/GithubPractice.git
 * [new branch]      master -> master

Then here I updated the index.html file remotely in Github
mydata@comp-SOMECRYPTEDTXT ~/basic-git-tutorial (master)
$ cat index.html
<!DOCTYPE html>
<html lang="en">
<head>
    <meta charset="UTF-8">
    <meta name="viewport" content="width=device-width, initial-scale=1.0">
    <title>First git document</title>
</head>
<body>
    <h1>First git document</h1>
    <p>hello</p>
</body>
</html>
BUT I DO NOT SEE THE CHANGE

mydata@comp-SOMECRYPTEDTXT ~/basic-git-tutorial (master)
$ git pull origin master
remote: Enumerating objects: 5, done.
remote: Counting objects: 100% (5/5), done.
remote: Compressing objects: 100% (2/2), done.
remote: Total 3 (delta 1), reused 0 (delta 0), pack-reused 0
Unpacking objects: 100% (3/3), 719 bytes | 19.00 KiB/s, done.
From https://github.com/EmilRosenov/GithubPractice
 * branch            master     -> FETCH_HEAD
   84d6526..e254e96  master     -> origin/master
Updating 84d6526..e254e96
Fast-forward
 index.html | 3 ++-
 1 file changed, 2 insertions(+), 1 deletion(-)

mydata@comp-SOMECRYPTEDTXT ~/basic-git-tutorial (master)
$ cat index.html
<!DOCTYPE html>
<html lang="en">
<head>
    <meta charset="UTF-8">
    <meta name="viewport" content="width=device-width, initial-scale=1.0">
    <title>First git document</title>
</head>
<body>
    <h1>First git document</h1>
    <p>hello</p>
    <p>this paragraph has been added remotely</p>
</body>
</html>







